2025-06-26 10:56:47.630 [info] [main] Log level: Info
2025-06-26 10:56:47.630 [info] [main] Validating found git in: "git"
2025-06-26 10:56:47.630 [info] [main] Using git "2.50.0" from "git"
2025-06-26 10:56:47.631 [info] [Model][doInitialScan] Initial repository scan started
2025-06-26 10:56:47.631 [info] > git rev-parse --show-toplevel [103ms]
2025-06-26 10:56:47.631 [info] fatal: not a git repository (or any of the parent directories): .git
2025-06-26 10:56:47.631 [info] > git rev-parse --show-toplevel [15ms]
2025-06-26 10:56:47.631 [info] fatal: not a git repository (or any of the parent directories): .git
2025-06-26 10:56:47.762 [info] > git rev-parse --show-toplevel [133ms]
2025-06-26 10:56:47.762 [info] fatal: not a git repository (or any of the parent directories): .git
2025-06-26 10:56:48.018 [info] > git rev-parse --show-toplevel [23ms]
2025-06-26 10:56:48.018 [info] fatal: not a git repository (or any of the parent directories): .git
2025-06-26 10:56:48.085 [info] > git rev-parse --show-toplevel [21ms]
2025-06-26 10:56:48.091 [info] fatal: not a git repository (or any of the parent directories): .git
2025-06-26 10:56:48.185 [info] > git rev-parse --show-toplevel [49ms]
2025-06-26 10:56:48.185 [info] fatal: not a git repository (or any of the parent directories): .git
2025-06-26 10:56:48.242 [info] > git rev-parse --show-toplevel [8ms]
2025-06-26 10:56:48.242 [info] fatal: not a git repository (or any of the parent directories): .git
2025-06-26 10:56:48.413 [info] > git rev-parse --show-toplevel [57ms]
2025-06-26 10:56:48.413 [info] fatal: not a git repository (or any of the parent directories): .git
2025-06-26 10:56:48.491 [info] > git rev-parse --show-toplevel [35ms]
2025-06-26 10:56:48.491 [info] fatal: not a git repository (or any of the parent directories): .git
2025-06-26 10:56:48.550 [info] > git rev-parse --show-toplevel [20ms]
2025-06-26 10:56:48.553 [info] fatal: not a git repository (or any of the parent directories): .git
2025-06-26 10:56:48.584 [info] > git rev-parse --show-toplevel [5ms]
2025-06-26 10:56:48.584 [info] fatal: not a git repository (or any of the parent directories): .git
2025-06-26 10:56:48.595 [info] > git rev-parse --show-toplevel [3ms]
2025-06-26 10:56:48.595 [info] fatal: not a git repository (or any of the parent directories): .git
2025-06-26 10:56:48.610 [info] > git rev-parse --show-toplevel [2ms]
2025-06-26 10:56:48.610 [info] fatal: not a git repository (or any of the parent directories): .git
2025-06-26 10:56:48.643 [info] > git rev-parse --show-toplevel [3ms]
2025-06-26 10:56:48.643 [info] fatal: not a git repository (or any of the parent directories): .git
2025-06-26 10:56:48.657 [info] > git rev-parse --show-toplevel [6ms]
2025-06-26 10:56:48.657 [info] fatal: not a git repository (or any of the parent directories): .git
2025-06-26 10:56:48.675 [info] > git rev-parse --show-toplevel [1ms]
2025-06-26 10:56:48.675 [info] fatal: not a git repository (or any of the parent directories): .git
2025-06-26 10:56:48.695 [info] > git rev-parse --show-toplevel [13ms]
2025-06-26 10:56:48.695 [info] fatal: not a git repository (or any of the parent directories): .git
2025-06-26 10:56:48.820 [info] > git rev-parse --show-toplevel [118ms]
2025-06-26 10:56:48.820 [info] fatal: not a git repository (or any of the parent directories): .git
2025-06-26 10:56:48.821 [info] [Model][doInitialScan] Initial repository scan completed - repositories (0), closed repositories (0), parent repositories (0), unsafe repositories (0)
2025-06-26 10:57:57.037 [info] > git rev-parse --show-toplevel [3ms]
2025-06-26 10:57:57.038 [info] fatal: not a git repository (or any of the parent directories): .git
2025-06-26 10:58:22.746 [info] > git rev-parse --show-toplevel [4ms]
2025-06-26 10:58:22.746 [info] fatal: not a git repository (or any of the parent directories): .git
2025-06-26 10:58:41.510 [info] > git rev-parse --show-toplevel [7ms]
2025-06-26 10:58:41.511 [info] fatal: not a git repository (or any of the parent directories): .git
2025-06-26 11:01:09.176 [info] > git rev-parse --show-toplevel [3ms]
2025-06-26 11:01:09.176 [info] fatal: not a git repository (or any of the parent directories): .git
2025-06-26 11:01:11.495 [info] > git rev-parse --show-toplevel [4ms]
2025-06-26 11:01:11.495 [info] fatal: not a git repository (or any of the parent directories): .git
2025-06-26 11:01:15.400 [info] > git rev-parse --show-toplevel [4ms]
2025-06-26 11:01:15.400 [info] fatal: not a git repository (or any of the parent directories): .git
2025-06-26 11:13:43.712 [info] > git init -b main [17ms]
2025-06-26 11:13:43.717 [info] > git rev-parse --show-toplevel [2ms]
2025-06-26 11:13:43.723 [info] > git rev-parse --git-dir --git-common-dir [2ms]
2025-06-26 11:13:43.732 [info] [Model][openRepository] Opened repository (path): /home/meow/.config
2025-06-26 11:13:43.733 [info] [Model][openRepository] Opened repository (real path): /home/meow/.config
2025-06-26 11:13:43.744 [info] [Git][getRemotes] No remotes found in the git config file
2025-06-26 11:13:43.745 [info] > git config --get commit.template [4ms]
2025-06-26 11:13:43.746 [info] > git for-each-ref --format=%(refname)%00%(upstream:short)%00%(objectname)%00%(upstream:track)%00%(upstream:remotename)%00%(upstream:remoteref) refs/heads/main refs/remotes/main [2ms]
2025-06-26 11:13:43.746 [warning] [Git][getBranch] No such branch: main
2025-06-26 11:13:43.754 [info] > git for-each-ref --sort -committerdate --format %(refname)%00%(objectname)%00%(*objectname) [2ms]
2025-06-26 11:13:43.757 [info] > git status -z -uall [8ms]
2025-06-26 11:13:43.786 [info] > git for-each-ref --format=%(refname)%00%(upstream:short)%00%(objectname)%00%(upstream:track)%00%(upstream:remotename)%00%(upstream:remoteref) refs/heads/main refs/remotes/main [7ms]
2025-06-26 11:13:43.786 [warning] [Git][getBranch] No such branch: main
2025-06-26 11:13:43.787 [error] [GitHistoryProvider][resolveHEADMergeBase] Failed to resolve merge base for main: Error: No such branch: main.
2025-06-26 11:13:43.788 [info] > git config --get commit.template [2ms]
2025-06-26 11:13:43.791 [info] [Git][getRemotes] No remotes found in the git config file
2025-06-26 11:13:43.792 [info] > git for-each-ref --format=%(refname)%00%(upstream:short)%00%(objectname)%00%(upstream:track)%00%(upstream:remotename)%00%(upstream:remoteref) refs/heads/main refs/remotes/main [1ms]
2025-06-26 11:13:43.792 [warning] [Git][getBranch] No such branch: main
2025-06-26 11:13:43.800 [info] > git status -z -uall [5ms]
2025-06-26 11:13:43.807 [info] > git for-each-ref --sort -committerdate --format %(refname)%00%(objectname)%00%(*objectname) [8ms]
2025-06-26 11:13:43.911 [info] > git log --format=%H%n%aN%n%aE%n%at%n%ct%n%P%n%D%n%B -z --shortstat --diff-merges=first-parent -n50 --skip=0 --topo-order --decorate=full --stdin [4ms]
2025-06-26 11:13:43.911 [info] fatal: bad revision 'refs/heads/main'
2025-06-26 11:13:43.911 [error] [GitHistoryProvider][provideHistoryItems] Failed to get history items with options '{"historyItemRefs":["refs/heads/main"],"limit":50,"skip":0}': Failed to execute git {
  "exitCode": 128,
  "gitCommand": "log",
  "stdout": "",
  "stderr": "fatal: bad revision 'refs/heads/main'\n"
}
2025-06-26 11:13:44.477 [info] > git check-ignore -v -z --stdin [1ms]
2025-06-26 11:13:45.232 [info] [Git][getRemotes] No remotes found in the git config file
2025-06-26 11:13:45.232 [info] > git config --get commit.template [5ms]
2025-06-26 11:13:45.234 [info] > git for-each-ref --format=%(refname)%00%(upstream:short)%00%(objectname)%00%(upstream:track)%00%(upstream:remotename)%00%(upstream:remoteref) refs/heads/main refs/remotes/main [1ms]
2025-06-26 11:13:45.234 [warning] [Git][getBranch] No such branch: main
2025-06-26 11:13:45.241 [info] > git status -z -uall [5ms]
2025-06-26 11:13:45.244 [info] > git for-each-ref --sort -committerdate --format %(refname)%00%(objectname)%00%(*objectname) [4ms]
2025-06-26 11:13:51.021 [info] > git config --get commit.template [3ms]
2025-06-26 11:13:51.025 [info] [Git][getRemotes] No remotes found in the git config file
2025-06-26 11:13:51.027 [info] > git for-each-ref --format=%(refname)%00%(upstream:short)%00%(objectname)%00%(upstream:track)%00%(upstream:remotename)%00%(upstream:remoteref) refs/heads/main refs/remotes/main [2ms]
2025-06-26 11:13:51.027 [warning] [Git][getBranch] No such branch: main
2025-06-26 11:13:51.034 [info] > git status -z -uall [5ms]
2025-06-26 11:13:51.037 [info] > git for-each-ref --sort -committerdate --format %(refname)%00%(objectname)%00%(*objectname) [4ms]
2025-06-26 11:13:53.805 [info] > git check-ignore -v -z --stdin [2ms]
2025-06-26 11:13:56.057 [info] [Git][getRemotes] No remotes found in the git config file
2025-06-26 11:13:56.058 [info] > git config --get commit.template [5ms]
2025-06-26 11:13:56.058 [info] > git for-each-ref --format=%(refname)%00%(upstream:short)%00%(objectname)%00%(upstream:track)%00%(upstream:remotename)%00%(upstream:remoteref) refs/heads/main refs/remotes/main [2ms]
2025-06-26 11:13:56.059 [warning] [Git][getBranch] No such branch: main
2025-06-26 11:13:56.066 [info] > git status -z -uall [4ms]
2025-06-26 11:13:56.069 [info] > git for-each-ref --sort -committerdate --format %(refname)%00%(objectname)%00%(*objectname) [4ms]
2025-06-26 11:14:01.113 [info] [Git][getRemotes] No remotes found in the git config file
2025-06-26 11:14:01.114 [info] > git config --get commit.template [6ms]
2025-06-26 11:14:01.116 [info] > git for-each-ref --format=%(refname)%00%(upstream:short)%00%(objectname)%00%(upstream:track)%00%(upstream:remotename)%00%(upstream:remoteref) refs/heads/main refs/remotes/main [3ms]
2025-06-26 11:14:01.116 [warning] [Git][getBranch] No such branch: main
2025-06-26 11:14:01.122 [info] > git status -z -uall [3ms]
2025-06-26 11:14:01.123 [info] > git for-each-ref --sort -committerdate --format %(refname)%00%(objectname)%00%(*objectname) [2ms]
2025-06-26 11:14:06.138 [info] [Git][getRemotes] No remotes found in the git config file
2025-06-26 11:14:06.139 [info] > git config --get commit.template [5ms]
2025-06-26 11:14:06.140 [info] > git for-each-ref --format=%(refname)%00%(upstream:short)%00%(objectname)%00%(upstream:track)%00%(upstream:remotename)%00%(upstream:remoteref) refs/heads/main refs/remotes/main [3ms]
2025-06-26 11:14:06.140 [warning] [Git][getBranch] No such branch: main
2025-06-26 11:14:06.148 [info] > git status -z -uall [5ms]
2025-06-26 11:14:06.151 [info] > git for-each-ref --sort -committerdate --format %(refname)%00%(objectname)%00%(*objectname) [4ms]
2025-06-26 11:14:11.419 [info] [Git][getRemotes] No remotes found in the git config file
2025-06-26 11:14:11.419 [info] > git config --get commit.template [4ms]
2025-06-26 11:14:11.420 [info] > git for-each-ref --format=%(refname)%00%(upstream:short)%00%(objectname)%00%(upstream:track)%00%(upstream:remotename)%00%(upstream:remoteref) refs/heads/main refs/remotes/main [1ms]
2025-06-26 11:14:11.420 [warning] [Git][getBranch] No such branch: main
2025-06-26 11:14:11.428 [info] > git status -z -uall [5ms]
2025-06-26 11:14:11.431 [info] > git for-each-ref --sort -committerdate --format %(refname)%00%(objectname)%00%(*objectname) [2ms]
2025-06-26 11:14:12.537 [info] > git for-each-ref --sort -committerdate --format %(refname)%00%(objectname)%00%(*objectname)%00%(parent)%00%(*parent)%00%(authorname)%00%(*authorname)%00%(committerdate:unix)%00%(*committerdate:unix)%00%(subject)%00%(*subject)%00%(upstream:track) [3ms]
2025-06-26 11:14:13.891 [info] > git for-each-ref --sort -committerdate --format %(refname)%00%(objectname)%00%(*objectname)%00%(parent)%00%(*parent)%00%(authorname)%00%(*authorname)%00%(committerdate:unix)%00%(*committerdate:unix)%00%(subject)%00%(*subject)%00%(upstream:track) [1ms]
2025-06-26 11:14:16.573 [info] [Git][getRemotes] No remotes found in the git config file
2025-06-26 11:14:16.573 [info] > git config --get commit.template [5ms]
2025-06-26 11:14:16.574 [info] > git for-each-ref --format=%(refname)%00%(upstream:short)%00%(objectname)%00%(upstream:track)%00%(upstream:remotename)%00%(upstream:remoteref) refs/heads/main refs/remotes/main [1ms]
2025-06-26 11:14:16.574 [warning] [Git][getBranch] No such branch: main
2025-06-26 11:14:16.581 [info] > git status -z -uall [4ms]
2025-06-26 11:14:16.584 [info] > git for-each-ref --sort -committerdate --format %(refname)%00%(objectname)%00%(*objectname) [3ms]
2025-06-26 11:14:23.369 [info] [Git][getRemotes] No remotes found in the git config file
2025-06-26 11:14:23.371 [info] > git config --get commit.template [3ms]
2025-06-26 11:14:23.373 [info] > git for-each-ref --format=%(refname)%00%(upstream:short)%00%(objectname)%00%(upstream:track)%00%(upstream:remotename)%00%(upstream:remoteref) refs/heads/main refs/remotes/main [2ms]
2025-06-26 11:14:23.373 [warning] [Git][getBranch] No such branch: main
2025-06-26 11:14:23.378 [info] > git status -z -uall [3ms]
2025-06-26 11:14:23.379 [info] > git for-each-ref --sort -committerdate --format %(refname)%00%(objectname)%00%(*objectname) [1ms]
2025-06-26 11:14:28.420 [info] [Git][getRemotes] No remotes found in the git config file
2025-06-26 11:14:28.421 [info] > git config --get commit.template [2ms]
2025-06-26 11:14:28.427 [info] > git for-each-ref --format=%(refname)%00%(upstream:short)%00%(objectname)%00%(upstream:track)%00%(upstream:remotename)%00%(upstream:remoteref) refs/heads/main refs/remotes/main [2ms]
2025-06-26 11:14:28.427 [warning] [Git][getBranch] No such branch: main
2025-06-26 11:14:28.434 [info] > git status -z -uall [4ms]
2025-06-26 11:14:28.435 [info] > git for-each-ref --sort -committerdate --format %(refname)%00%(objectname)%00%(*objectname) [2ms]
2025-06-26 11:14:36.118 [info] > git config --get commit.template [3ms]
2025-06-26 11:14:36.125 [info] [Git][getRemotes] No remotes found in the git config file
2025-06-26 11:14:36.128 [info] > git for-each-ref --format=%(refname)%00%(upstream:short)%00%(objectname)%00%(upstream:track)%00%(upstream:remotename)%00%(upstream:remoteref) refs/heads/main refs/remotes/main [3ms]
2025-06-26 11:14:36.128 [warning] [Git][getBranch] No such branch: main
2025-06-26 11:14:36.136 [info] > git status -z -uall [4ms]
2025-06-26 11:14:36.148 [info] > git for-each-ref --sort -committerdate --format %(refname)%00%(objectname)%00%(*objectname) [12ms]
2025-06-26 11:16:09.653 [info] [Git][getRemotes] No remotes found in the git config file
2025-06-26 11:16:09.656 [info] > git for-each-ref --format=%(refname)%00%(upstream:short)%00%(objectname)%00%(upstream:track)%00%(upstream:remotename)%00%(upstream:remoteref) refs/heads/main refs/remotes/main [3ms]
2025-06-26 11:16:09.656 [warning] [Git][getBranch] No such branch: main
2025-06-26 11:16:09.656 [info] > git config --get commit.template [8ms]
2025-06-26 11:16:09.671 [info] > git status -z -uall [10ms]
2025-06-26 11:16:09.673 [info] > git for-each-ref --sort -committerdate --format %(refname)%00%(objectname)%00%(*objectname) [6ms]
2025-06-26 11:16:14.731 [info] [Git][getRemotes] No remotes found in the git config file
2025-06-26 11:16:14.736 [info] > git for-each-ref --format=%(refname)%00%(upstream:short)%00%(objectname)%00%(upstream:track)%00%(upstream:remotename)%00%(upstream:remoteref) refs/heads/main refs/remotes/main [5ms]
2025-06-26 11:16:14.737 [warning] [Git][getBranch] No such branch: main
2025-06-26 11:16:14.737 [info] > git config --get commit.template [11ms]
2025-06-26 11:16:14.746 [info] > git status -z -uall [5ms]
2025-06-26 11:16:14.747 [info] > git for-each-ref --sort -committerdate --format %(refname)%00%(objectname)%00%(*objectname) [2ms]
2025-06-26 11:16:19.765 [info] [Git][getRemotes] No remotes found in the git config file
2025-06-26 11:16:19.765 [info] > git config --get commit.template [4ms]
2025-06-26 11:16:19.768 [info] > git for-each-ref --format=%(refname)%00%(upstream:short)%00%(objectname)%00%(upstream:track)%00%(upstream:remotename)%00%(upstream:remoteref) refs/heads/main refs/remotes/main [3ms]
2025-06-26 11:16:19.768 [warning] [Git][getBranch] No such branch: main
2025-06-26 11:16:19.776 [info] > git status -z -uall [4ms]
2025-06-26 11:16:19.777 [info] > git for-each-ref --sort -committerdate --format %(refname)%00%(objectname)%00%(*objectname) [2ms]
2025-06-26 11:16:24.759 [info] > git remote add origin https://github.com/aerogull/.config.git [8ms]
2025-06-26 11:16:24.767 [info] > git config --get commit.template [4ms]
2025-06-26 11:16:24.769 [info] > git for-each-ref --format=%(refname)%00%(upstream:short)%00%(objectname)%00%(upstream:track)%00%(upstream:remotename)%00%(upstream:remoteref) refs/heads/main refs/remotes/main [2ms]
2025-06-26 11:16:24.769 [warning] [Git][getBranch] No such branch: main
2025-06-26 11:16:24.776 [info] > git status -z -uall [4ms]
2025-06-26 11:16:24.779 [info] > git for-each-ref --sort -committerdate --format %(refname)%00%(objectname)%00%(*objectname) [4ms]
2025-06-26 11:16:54.170 [info] > git log --format=%H%n%aN%n%aE%n%at%n%ct%n%P%n%D%n%B -z --shortstat --diff-merges=first-parent -n50 --skip=0 --topo-order --decorate=full --stdin [2ms]
2025-06-26 11:16:54.170 [info] fatal: bad revision 'refs/heads/main'
2025-06-26 11:16:54.170 [error] [GitHistoryProvider][provideHistoryItems] Failed to get history items with options '{"historyItemRefs":["refs/heads/main"],"limit":50,"skip":0}': Failed to execute git {
  "exitCode": 128,
  "gitCommand": "log",
  "stdout": "",
  "stderr": "fatal: bad revision 'refs/heads/main'\n"
}
2025-06-26 11:16:54.725 [info] > git check-ignore -v -z --stdin [1ms]
2025-06-26 11:16:55.220 [info] > git fetch origin [30432ms]
2025-06-26 11:16:55.220 [info] From https://github.com/aerogull/.config
 * [new branch]      experimental -> origin/experimental
 * [new branch]      main         -> origin/main
2025-06-26 11:16:55.230 [info] > git config --get commit.template [5ms]
2025-06-26 11:16:55.234 [info] > git for-each-ref --format=%(refname)%00%(upstream:short)%00%(objectname)%00%(upstream:track)%00%(upstream:remotename)%00%(upstream:remoteref) refs/heads/main refs/remotes/main [4ms]
2025-06-26 11:16:55.234 [warning] [Git][getBranch] No such branch: main
2025-06-26 11:16:55.243 [info] > git status -z -uall [4ms]
2025-06-26 11:16:55.245 [info] > git for-each-ref --sort -committerdate --format %(refname)%00%(objectname)%00%(*objectname) [3ms]
2025-06-26 11:16:55.268 [info] > git config --get commit.template [12ms]
2025-06-26 11:16:55.269 [info] > git for-each-ref --format=%(refname)%00%(upstream:short)%00%(objectname)%00%(upstream:track)%00%(upstream:remotename)%00%(upstream:remoteref) refs/heads/main refs/remotes/main [2ms]
2025-06-26 11:16:55.269 [warning] [Git][getBranch] No such branch: main
2025-06-26 11:16:55.278 [info] > git status -z -uall [5ms]
2025-06-26 11:16:55.280 [info] > git for-each-ref --sort -committerdate --format %(refname)%00%(objectname)%00%(*objectname) [3ms]
2025-06-26 11:17:00.300 [info] > git config --get commit.template [4ms]
2025-06-26 11:17:00.301 [info] > git for-each-ref --format=%(refname)%00%(upstream:short)%00%(objectname)%00%(upstream:track)%00%(upstream:remotename)%00%(upstream:remoteref) refs/heads/main refs/remotes/main [1ms]
2025-06-26 11:17:00.301 [warning] [Git][getBranch] No such branch: main
2025-06-26 11:17:00.308 [info] > git status -z -uall [4ms]
2025-06-26 11:17:00.311 [info] > git for-each-ref --sort -committerdate --format %(refname)%00%(objectname)%00%(*objectname) [4ms]
2025-06-26 11:17:00.889 [info] > git fetch [329ms]
2025-06-26 11:17:00.900 [info] > git config --get commit.template [6ms]
2025-06-26 11:17:00.901 [info] > git for-each-ref --format=%(refname)%00%(upstream:short)%00%(objectname)%00%(upstream:track)%00%(upstream:remotename)%00%(upstream:remoteref) refs/heads/main refs/remotes/main [2ms]
2025-06-26 11:17:00.902 [warning] [Git][getBranch] No such branch: main
2025-06-26 11:17:00.909 [info] > git status -z -uall [3ms]
2025-06-26 11:17:00.912 [info] > git for-each-ref --sort -committerdate --format %(refname)%00%(objectname)%00%(*objectname) [3ms]
2025-06-26 11:17:02.167 [info] > git log --format=%H%n%aN%n%aE%n%at%n%ct%n%P%n%D%n%B -z --shortstat --diff-merges=first-parent -n50 --skip=0 --topo-order --decorate=full --stdin [2ms]
2025-06-26 11:17:02.167 [info] fatal: bad revision 'refs/heads/main'
2025-06-26 11:17:02.168 [error] [GitHistoryProvider][provideHistoryItems] Failed to get history items with options '{"historyItemRefs":["refs/heads/main"],"limit":50,"skip":0}': Failed to execute git {
  "exitCode": 128,
  "gitCommand": "log",
  "stdout": "",
  "stderr": "fatal: bad revision 'refs/heads/main'\n"
}
2025-06-26 11:17:02.713 [info] > git check-ignore -v -z --stdin [2ms]
2025-06-26 11:17:03.578 [info] > git for-each-ref --sort -committerdate --format %(refname)%00%(objectname)%00%(*objectname)%00%(parent)%00%(*parent)%00%(authorname)%00%(*authorname)%00%(committerdate:unix)%00%(*committerdate:unix)%00%(subject)%00%(*subject)%00%(upstream:track) [2ms]
2025-06-26 11:17:05.326 [info] > git config --get commit.template [4ms]
2025-06-26 11:17:05.327 [info] > git for-each-ref --format=%(refname)%00%(upstream:short)%00%(objectname)%00%(upstream:track)%00%(upstream:remotename)%00%(upstream:remoteref) refs/heads/main refs/remotes/main [2ms]
2025-06-26 11:17:05.327 [warning] [Git][getBranch] No such branch: main
2025-06-26 11:17:05.335 [info] > git status -z -uall [5ms]
2025-06-26 11:17:05.336 [info] > git for-each-ref --sort -committerdate --format %(refname)%00%(objectname)%00%(*objectname) [2ms]
2025-06-26 11:17:06.217 [info] > git for-each-ref --format %(refname:short)%00%(upstream:short) refs/heads [1ms]
2025-06-26 11:17:06.227 [info] > git checkout -q --track origin/experimental [3ms]
2025-06-26 11:17:06.227 [info] error: The following untracked working tree files would be overwritten by checkout:
	feh/miku2.png
	i3/config
	i3/polybar.sh
	kitty/kitty.conf
	neofetch/config.conf
	polybar/config.ini
	polybar/update.sh
Please move or remove them before you switch branches.
Aborting
2025-06-26 11:17:06.237 [info] > git config --get commit.template [6ms]
2025-06-26 11:17:06.238 [info] > git for-each-ref --format=%(refname)%00%(upstream:short)%00%(objectname)%00%(upstream:track)%00%(upstream:remotename)%00%(upstream:remoteref) refs/heads/main refs/remotes/main [2ms]
2025-06-26 11:17:06.238 [warning] [Git][getBranch] No such branch: main
2025-06-26 11:17:06.246 [info] > git status -z -uall [4ms]
2025-06-26 11:17:06.247 [info] > git for-each-ref --sort -committerdate --format %(refname)%00%(objectname)%00%(*objectname) [2ms]
2025-06-26 11:17:14.584 [info] > git config --get commit.template [7ms]
2025-06-26 11:17:14.587 [info] > git for-each-ref --format=%(refname)%00%(upstream:short)%00%(objectname)%00%(upstream:track)%00%(upstream:remotename)%00%(upstream:remoteref) refs/heads/main refs/remotes/main [4ms]
2025-06-26 11:17:14.587 [warning] [Git][getBranch] No such branch: main
2025-06-26 11:17:14.598 [info] > git status -z -uall [6ms]
2025-06-26 11:17:14.606 [info] > git for-each-ref --sort -committerdate --format %(refname)%00%(objectname)%00%(*objectname) [10ms]
2025-06-26 11:17:16.632 [info] > git for-each-ref --sort -committerdate --format %(refname)%00%(objectname)%00%(*objectname)%00%(parent)%00%(*parent)%00%(authorname)%00%(*authorname)%00%(committerdate:unix)%00%(*committerdate:unix)%00%(subject)%00%(*subject)%00%(upstream:track) [2ms]
2025-06-26 11:17:18.702 [info] > git for-each-ref --format %(refname:short)%00%(upstream:short) refs/heads [2ms]
2025-06-26 11:17:18.710 [info] > git checkout -q --track origin/experimental [3ms]
2025-06-26 11:17:18.710 [info] error: The following untracked working tree files would be overwritten by checkout:
	feh/miku2.png
	i3/config
	i3/polybar.sh
	kitty/kitty.conf
	neofetch/config.conf
	polybar/config.ini
	polybar/update.sh
Please move or remove them before you switch branches.
Aborting
2025-06-26 11:17:18.720 [info] > git config --get commit.template [4ms]
2025-06-26 11:17:18.721 [info] > git for-each-ref --format=%(refname)%00%(upstream:short)%00%(objectname)%00%(upstream:track)%00%(upstream:remotename)%00%(upstream:remoteref) refs/heads/main refs/remotes/main [2ms]
2025-06-26 11:17:18.721 [warning] [Git][getBranch] No such branch: main
2025-06-26 11:17:18.729 [info] > git status -z -uall [5ms]
2025-06-26 11:17:18.730 [info] > git for-each-ref --sort -committerdate --format %(refname)%00%(objectname)%00%(*objectname) [2ms]
2025-06-26 11:17:19.565 [info] > git check-ignore -v -z --stdin [2ms]
2025-06-26 11:17:27.339 [info] > git config --get commit.template [5ms]
2025-06-26 11:17:27.340 [info] > git for-each-ref --format=%(refname)%00%(upstream:short)%00%(objectname)%00%(upstream:track)%00%(upstream:remotename)%00%(upstream:remoteref) refs/heads/main refs/remotes/main [2ms]
2025-06-26 11:17:27.340 [warning] [Git][getBranch] No such branch: main
2025-06-26 11:17:27.353 [info] > git status -z -uall [8ms]
2025-06-26 11:17:27.353 [info] > git for-each-ref --sort -committerdate --format %(refname)%00%(objectname)%00%(*objectname) [4ms]
2025-06-26 11:17:30.376 [info] > git check-ignore -v -z --stdin [2ms]
2025-06-26 11:17:31.839 [info] > git check-ignore -v -z --stdin [2ms]
2025-06-26 11:17:32.366 [info] > git config --get commit.template [5ms]
2025-06-26 11:17:32.367 [info] > git for-each-ref --format=%(refname)%00%(upstream:short)%00%(objectname)%00%(upstream:track)%00%(upstream:remotename)%00%(upstream:remoteref) refs/heads/main refs/remotes/main [2ms]
2025-06-26 11:17:32.367 [warning] [Git][getBranch] No such branch: main
2025-06-26 11:17:32.376 [info] > git status -z -uall [5ms]
2025-06-26 11:17:32.390 [info] > git for-each-ref --sort -committerdate --format %(refname)%00%(objectname)%00%(*objectname) [15ms]
2025-06-26 11:17:40.822 [info] > git add -A -- . [337ms]
2025-06-26 11:17:40.838 [info] > git -c user.useConfigOnly=true commit --quiet --allow-empty-message --file - [11ms]
2025-06-26 11:17:40.839 [info] Author identity unknown

*** Please tell me who you are.

Run

  git config --global user.email "you@example.com"
  git config --global user.name "Your Name"

to set your account's default identity.
Omit --global to set the identity only in this repository.

fatal: no email was given and auto-detection is disabled
2025-06-26 11:17:40.844 [info] > git config --get-all user.name [1ms]
2025-06-26 11:17:40.854 [info] > git config --get commit.template [5ms]
2025-06-26 11:17:40.856 [info] > git for-each-ref --format=%(refname)%00%(upstream:short)%00%(objectname)%00%(upstream:track)%00%(upstream:remotename)%00%(upstream:remoteref) refs/heads/main refs/remotes/main [2ms]
2025-06-26 11:17:40.856 [warning] [Git][getBranch] No such branch: main
2025-06-26 11:17:40.868 [info] > git status -z -uall [7ms]
2025-06-26 11:17:40.870 [info] > git for-each-ref --sort -committerdate --format %(refname)%00%(objectname)%00%(*objectname) [3ms]
2025-06-26 11:17:40.906 [info] > git config --get commit.template [15ms]
2025-06-26 11:17:40.913 [info] > git for-each-ref --format=%(refname)%00%(upstream:short)%00%(objectname)%00%(upstream:track)%00%(upstream:remotename)%00%(upstream:remoteref) refs/heads/main refs/remotes/main [1ms]
2025-06-26 11:17:40.914 [warning] [Git][getBranch] No such branch: main
2025-06-26 11:17:40.933 [info] > git status -z -uall [15ms]
2025-06-26 11:17:40.941 [info] > git for-each-ref --sort -committerdate --format %(refname)%00%(objectname)%00%(*objectname) [14ms]
2025-06-26 11:17:41.330 [info] > git show --textconv :i3/config [13ms]
2025-06-26 11:17:41.330 [info] > git show --textconv HEAD:i3/config [9ms]
2025-06-26 11:17:41.330 [info] > git ls-files --stage -- i3/config [5ms]
2025-06-26 11:17:41.340 [info] > git cat-file -s 091dd223c2b6e96bd791d0944e7afc1bc4da0dfe [6ms]
2025-06-26 11:17:41.341 [info] > git ls-tree -l HEAD -- i3/config [13ms]
2025-06-26 11:17:41.341 [info] fatal: Not a valid object name HEAD
2025-06-26 11:17:41.346 [info] > git hash-object -t tree /dev/null [8ms]
2025-06-26 11:17:41.347 [warning] [GitFileSystemProvider][readFile] File not found - git:/home/meow/.config/i3/config.git?%7B%22path%22%3A%22%2Fhome%2Fmeow%2F.config%2Fi3%2Fconfig%22%2C%22ref%22%3A%22HEAD%22%7D
2025-06-26 11:17:41.349 [info] > git hash-object -t tree /dev/null [3ms]
2025-06-26 11:17:41.349 [warning] [GitFileSystemProvider][stat] File not found - git:/home/meow/.config/i3/config.git?%7B%22path%22%3A%22%2Fhome%2Fmeow%2F.config%2Fi3%2Fconfig%22%2C%22ref%22%3A%22HEAD%22%7D
2025-06-26 11:17:45.090 [info] > git ls-files --stage -- i3/config [2ms]
2025-06-26 11:17:45.097 [info] > git cat-file -s 091dd223c2b6e96bd791d0944e7afc1bc4da0dfe [2ms]
2025-06-26 11:17:45.114 [info] > git show --textconv :i3/config [3ms]
2025-06-26 11:17:45.963 [info] > git config --get commit.template [5ms]
2025-06-26 11:17:45.964 [info] > git for-each-ref --format=%(refname)%00%(upstream:short)%00%(objectname)%00%(upstream:track)%00%(upstream:remotename)%00%(upstream:remoteref) refs/heads/main refs/remotes/main [2ms]
2025-06-26 11:17:45.964 [warning] [Git][getBranch] No such branch: main
2025-06-26 11:17:45.979 [info] > git status -z -uall [5ms]
2025-06-26 11:17:45.980 [info] > git for-each-ref --sort -committerdate --format %(refname)%00%(objectname)%00%(*objectname) [2ms]
2025-06-26 11:18:40.157 [info] > git config --get commit.template [18ms]
2025-06-26 11:18:40.162 [info] > git for-each-ref --format=%(refname)%00%(upstream:short)%00%(objectname)%00%(upstream:track)%00%(upstream:remotename)%00%(upstream:remoteref) refs/heads/main refs/remotes/main [9ms]
2025-06-26 11:18:40.163 [warning] [Git][getBranch] No such branch: main
2025-06-26 11:18:40.201 [info] > git status -z -uall [24ms]
2025-06-26 11:18:40.208 [info] > git for-each-ref --sort -committerdate --format %(refname)%00%(objectname)%00%(*objectname) [7ms]
2025-06-26 11:18:42.970 [info] > git -c user.useConfigOnly=true commit --quiet --allow-empty-message --file - [9ms]
2025-06-26 11:18:42.977 [info] > git config --get commit.template [3ms]
2025-06-26 11:18:42.988 [info] > git for-each-ref --format=%(refname)%00%(upstream:short)%00%(objectname)%00%(upstream:track)%00%(upstream:remotename)%00%(upstream:remoteref) refs/heads/main refs/remotes/main [1ms]
2025-06-26 11:18:42.989 [info] > git config --get commit.template [8ms]
2025-06-26 11:18:43.000 [info] > git status -z -uall [7ms]
2025-06-26 11:18:43.001 [info] > git for-each-ref --sort -committerdate --format %(refname)%00%(objectname)%00%(*objectname) [3ms]
2025-06-26 11:18:43.028 [info] > git blame --root --incremental 5e8843a4cdfe95be051179b33b7ad7c222e30c1d -- i3/config [2ms]
2025-06-26 11:18:43.058 [info] > git config --get commit.template [5ms]
2025-06-26 11:18:43.063 [info] > git for-each-ref --format=%(refname)%00%(upstream:short)%00%(objectname)%00%(upstream:track)%00%(upstream:remotename)%00%(upstream:remoteref) refs/heads/main refs/remotes/main [5ms]
2025-06-26 11:18:43.077 [info] > git status -z -uall [9ms]
2025-06-26 11:18:43.077 [info] > git for-each-ref --sort -committerdate --format %(refname)%00%(objectname)%00%(*objectname) [3ms]
2025-06-26 11:18:43.080 [info] > git log --format=%H%n%aN%n%aE%n%at%n%ct%n%P%n%D%n%B -z --shortstat --diff-merges=first-parent -n50 --skip=0 --topo-order --decorate=full --stdin [61ms]
2025-06-26 11:18:44.354 [info] > git ls-files --stage -- i3/config [2ms]
2025-06-26 11:18:44.369 [info] > git cat-file -s 091dd223c2b6e96bd791d0944e7afc1bc4da0dfe [1ms]
2025-06-26 11:18:44.387 [info] > git show --textconv :i3/config [6ms]
2025-06-26 11:18:45.251 [info] > git config --get commit.template [6ms]
2025-06-26 11:18:45.253 [info] > git for-each-ref --format=%(refname)%00%(upstream:short)%00%(objectname)%00%(upstream:track)%00%(upstream:remotename)%00%(upstream:remoteref) refs/heads/main refs/remotes/main [2ms]
2025-06-26 11:18:45.263 [info] > git status -z -uall [6ms]
2025-06-26 11:18:45.263 [info] > git for-each-ref --sort -committerdate --format %(refname)%00%(objectname)%00%(*objectname) [1ms]
2025-06-26 11:18:50.251 [info] > git for-each-ref --sort -committerdate --format %(refname)%00%(objectname)%00%(*objectname)%00%(parent)%00%(*parent)%00%(authorname)%00%(*authorname)%00%(committerdate:unix)%00%(*committerdate:unix)%00%(subject)%00%(*subject)%00%(upstream:track) [2ms]
2025-06-26 11:18:50.279 [info] > git config --get commit.template [8ms]
2025-06-26 11:18:50.279 [info] > git for-each-ref --format=%(refname)%00%(upstream:short)%00%(objectname)%00%(upstream:track)%00%(upstream:remotename)%00%(upstream:remoteref) refs/heads/main refs/remotes/main [3ms]
2025-06-26 11:18:50.294 [info] > git status -z -uall [11ms]
2025-06-26 11:18:50.295 [info] > git for-each-ref --sort -committerdate --format %(refname)%00%(objectname)%00%(*objectname) [8ms]
2025-06-26 11:18:51.654 [info] > git for-each-ref --format %(refname:short)%00%(upstream:short) refs/heads [2ms]
2025-06-26 11:18:51.670 [info] > git checkout -q --track origin/experimental [11ms]
2025-06-26 11:18:51.671 [info] error: Your local changes to the following files would be overwritten by checkout:
	Code - OSS/User/globalStorage/state.vscdb
	Code - OSS/User/workspaceStorage/3257f91d7cebaf93f0660c1547da26fb/state.vscdb
	Code - OSS/logs/20250626T105634/window1/exthost/exthost.log
	Code - OSS/logs/20250626T105634/window1/exthost/vscode.git/Git.log
	Code - OSS/logs/20250626T105634/window1/exthost/vscode.github-authentication/GitHub Authentication.log
Please commit your changes or stash them before you switch branches.
Aborting
2025-06-26 11:18:51.682 [info] > git config --get commit.template [6ms]
2025-06-26 11:18:51.684 [info] > git for-each-ref --format=%(refname)%00%(upstream:short)%00%(objectname)%00%(upstream:track)%00%(upstream:remotename)%00%(upstream:remoteref) refs/heads/main refs/remotes/main [3ms]
2025-06-26 11:18:51.693 [info] > git status -z -uall [6ms]
2025-06-26 11:18:51.694 [info] > git for-each-ref --sort -committerdate --format %(refname)%00%(objectname)%00%(*objectname) [2ms]
2025-06-26 11:18:56.718 [info] > git config --get commit.template [14ms]
2025-06-26 11:18:56.719 [info] > git for-each-ref --format=%(refname)%00%(upstream:short)%00%(objectname)%00%(upstream:track)%00%(upstream:remotename)%00%(upstream:remoteref) refs/heads/main refs/remotes/main [4ms]
2025-06-26 11:18:56.764 [info] > git status -z -uall [39ms]
2025-06-26 11:18:56.764 [info] > git for-each-ref --sort -committerdate --format %(refname)%00%(objectname)%00%(*objectname) [12ms]
2025-06-26 11:19:02.176 [info] > git for-each-ref --format %(refname:short)%00%(upstream:short) refs/heads [1ms]
2025-06-26 11:19:02.190 [info] > git checkout -q --track origin/experimental [8ms]
2025-06-26 11:19:02.190 [info] error: Your local changes to the following files would be overwritten by checkout:
	Code - OSS/User/globalStorage/state.vscdb
	Code - OSS/User/workspaceStorage/3257f91d7cebaf93f0660c1547da26fb/state.vscdb
	Code - OSS/logs/20250626T105634/window1/exthost/exthost.log
	Code - OSS/logs/20250626T105634/window1/exthost/vscode.git/Git.log
	Code - OSS/logs/20250626T105634/window1/exthost/vscode.github-authentication/GitHub Authentication.log
Please commit your changes or stash them before you switch branches.
Aborting
2025-06-26 11:19:02.202 [info] > git config --get commit.template [6ms]
2025-06-26 11:19:02.204 [info] > git for-each-ref --format=%(refname)%00%(upstream:short)%00%(objectname)%00%(upstream:track)%00%(upstream:remotename)%00%(upstream:remoteref) refs/heads/main refs/remotes/main [2ms]
2025-06-26 11:19:02.214 [info] > git status -z -uall [5ms]
2025-06-26 11:19:02.216 [info] > git for-each-ref --sort -committerdate --format %(refname)%00%(objectname)%00%(*objectname) [3ms]
2025-06-26 11:19:03.667 [info] > git config --get commit.template [6ms]
2025-06-26 11:19:03.669 [info] > git for-each-ref --format=%(refname)%00%(upstream:short)%00%(objectname)%00%(upstream:track)%00%(upstream:remotename)%00%(upstream:remoteref) refs/heads/main refs/remotes/main [4ms]
2025-06-26 11:19:03.685 [info] > git status -z -uall [12ms]
2025-06-26 11:19:03.687 [info] > git for-each-ref --sort -committerdate --format %(refname)%00%(objectname)%00%(*objectname) [2ms]
2025-06-26 11:19:04.785 [info] > git for-each-ref --sort -committerdate --format %(refname)%00%(objectname)%00%(*objectname)%00%(parent)%00%(*parent)%00%(authorname)%00%(*authorname)%00%(committerdate:unix)%00%(*committerdate:unix)%00%(subject)%00%(*subject)%00%(upstream:track) [2ms]
2025-06-26 11:19:05.828 [info] > git for-each-ref --format %(refname:short)%00%(upstream:short) refs/heads [2ms]
2025-06-26 11:19:05.840 [info] > git checkout -q --track origin/experimental [7ms]
2025-06-26 11:19:05.840 [info] error: Your local changes to the following files would be overwritten by checkout:
	Code - OSS/User/globalStorage/state.vscdb
	Code - OSS/User/workspaceStorage/3257f91d7cebaf93f0660c1547da26fb/state.vscdb
	Code - OSS/logs/20250626T105634/window1/exthost/exthost.log
	Code - OSS/logs/20250626T105634/window1/exthost/vscode.git/Git.log
	Code - OSS/logs/20250626T105634/window1/exthost/vscode.github-authentication/GitHub Authentication.log
Please commit your changes or stash them before you switch branches.
Aborting
2025-06-26 11:19:05.852 [info] > git config --get commit.template [6ms]
2025-06-26 11:19:05.853 [info] > git for-each-ref --format=%(refname)%00%(upstream:short)%00%(objectname)%00%(upstream:track)%00%(upstream:remotename)%00%(upstream:remoteref) refs/heads/main refs/remotes/main [2ms]
2025-06-26 11:19:05.861 [info] > git status -z -uall [5ms]
2025-06-26 11:19:05.862 [info] > git for-each-ref --sort -committerdate --format %(refname)%00%(objectname)%00%(*objectname) [2ms]
2025-06-26 11:19:08.705 [info] > git config --get commit.template [6ms]
2025-06-26 11:19:08.706 [info] > git for-each-ref --format=%(refname)%00%(upstream:short)%00%(objectname)%00%(upstream:track)%00%(upstream:remotename)%00%(upstream:remoteref) refs/heads/main refs/remotes/main [1ms]
2025-06-26 11:19:08.714 [info] > git status -z -uall [4ms]
2025-06-26 11:19:08.716 [info] > git for-each-ref --sort -committerdate --format %(refname)%00%(objectname)%00%(*objectname) [2ms]
