2025-06-26 11:14:30.064 [info] Reading sessions from keychain...
2025-06-26 11:14:30.064 [info] Getting sessions for all scopes...
2025-06-26 11:14:30.064 [info] Getting sessions for all scopes...
2025-06-26 11:14:30.064 [info] Getting sessions for all scopes...
2025-06-26 11:14:30.064 [info] Got 0 sessions for ...
2025-06-26 11:14:30.064 [info] Got 0 sessions for ...
2025-06-26 11:14:30.064 [info] Got 0 sessions for ...
2025-06-26 11:14:30.064 [info] Getting sessions for read:user,repo,user:email,workflow...
2025-06-26 11:14:30.064 [info] Got 0 sessions for read:user,repo,user:email,workflow...
2025-06-26 11:14:31.762 [info] Logging in with 'any' account...
2025-06-26 11:14:31.762 [info] Logging in for the following scopes: read:user repo user:email workflow
2025-06-26 11:14:31.776 [info] Trying device code flow... (read:user repo user:email workflow)
2025-06-26 11:16:06.099 [info] Getting user info...
2025-06-26 11:16:06.495 [info] Got account info!
2025-06-26 11:16:06.496 [info] Storing 1 sessions...
2025-06-26 11:16:09.422 [info] Reading sessions from keychain...
2025-06-26 11:16:09.422 [info] Stored 1 sessions!
2025-06-26 11:16:09.423 [info] Login success!
2025-06-26 11:16:09.442 [info] Got stored sessions!
2025-06-26 11:16:09.442 [info] Got 1 verified sessions.
2025-06-26 11:18:43.150 [info] Getting sessions for read:user,repo,user:email,workflow...
2025-06-26 11:18:43.150 [info] Got 1 sessions for read:user,repo,user:email,workflow...
